Archive member included to satisfy reference by file (symbol)

Libraries/libstm32f3.a(stm32f30x_exti.o)
                              objs/stm32f3_discovery.o (EXTI_Init)
Libraries/libstm32f3.a(stm32f30x_gpio.o)
                              objs/stm32f3_discovery.o (GPIO_Init)
Libraries/libstm32f3.a(stm32f30x_misc.o)
                              objs/stm32f3_discovery.o (NVIC_Init)
Libraries/libstm32f3.a(stm32f30x_rcc.o)
                              objs/main.o (RCC_GetClocksFreq)
Libraries/libstm32f3.a(stm32f30x_syscfg.o)
                              objs/stm32f3_discovery.o (SYSCFG_EXTILineConfig)
/usr/bin/../lib/gcc/arm-none-eabi/5.3.1/../../../../arm-none-eabi/lib/armv7e-m/fpu/libg.a(lib_a-exit.o)
                              /usr/bin/../lib/gcc/arm-none-eabi/5.3.1/../../../../arm-none-eabi/lib/armv7e-m/fpu/crt0.o (exit)
/usr/bin/../lib/gcc/arm-none-eabi/5.3.1/../../../../arm-none-eabi/lib/armv7e-m/fpu/libg.a(lib_a-impure.o)
                              /usr/bin/../lib/gcc/arm-none-eabi/5.3.1/../../../../arm-none-eabi/lib/armv7e-m/fpu/libg.a(lib_a-exit.o) (_global_impure_ptr)
/usr/bin/../lib/gcc/arm-none-eabi/5.3.1/../../../../arm-none-eabi/lib/armv7e-m/fpu/libg.a(lib_a-init.o)
                              /usr/bin/../lib/gcc/arm-none-eabi/5.3.1/../../../../arm-none-eabi/lib/armv7e-m/fpu/crt0.o (__libc_init_array)
/usr/bin/../lib/gcc/arm-none-eabi/5.3.1/../../../../arm-none-eabi/lib/armv7e-m/fpu/libg.a(lib_a-memset.o)
                              /usr/bin/../lib/gcc/arm-none-eabi/5.3.1/../../../../arm-none-eabi/lib/armv7e-m/fpu/crt0.o (memset)
/usr/bin/../lib/gcc/arm-none-eabi/5.3.1/../../../../arm-none-eabi/lib/armv7e-m/fpu/libg.a(lib_a-__call_atexit.o)
                              /usr/bin/../lib/gcc/arm-none-eabi/5.3.1/../../../../arm-none-eabi/lib/armv7e-m/fpu/libg.a(lib_a-exit.o) (__call_exitprocs)
/usr/bin/../lib/gcc/arm-none-eabi/5.3.1/../../../../arm-none-eabi/lib/armv7e-m/fpu/libg.a(lib_a-atexit.o)
                              /usr/bin/../lib/gcc/arm-none-eabi/5.3.1/../../../../arm-none-eabi/lib/armv7e-m/fpu/libg.a(lib_a-__call_atexit.o) (atexit)
/usr/bin/../lib/gcc/arm-none-eabi/5.3.1/../../../../arm-none-eabi/lib/armv7e-m/fpu/libg.a(lib_a-fini.o)
                              /usr/bin/../lib/gcc/arm-none-eabi/5.3.1/../../../../arm-none-eabi/lib/armv7e-m/fpu/libg.a(lib_a-__call_atexit.o) (__libc_fini_array)
/usr/bin/../lib/gcc/arm-none-eabi/5.3.1/../../../../arm-none-eabi/lib/armv7e-m/fpu/libg.a(lib_a-__atexit.o)
                              /usr/bin/../lib/gcc/arm-none-eabi/5.3.1/../../../../arm-none-eabi/lib/armv7e-m/fpu/libg.a(lib_a-atexit.o) (__register_exitproc)

Allocating common symbols
Common symbol       size              file

RCC_Clocks          0x5c              objs/main.o

Discarded input sections

 .text          0x0000000000000000        0x0 /usr/bin/../lib/gcc/arm-none-eabi/5.3.1/armv7e-m/fpu/crti.o
 .data          0x0000000000000000        0x0 /usr/bin/../lib/gcc/arm-none-eabi/5.3.1/armv7e-m/fpu/crti.o
 .bss           0x0000000000000000        0x0 /usr/bin/../lib/gcc/arm-none-eabi/5.3.1/armv7e-m/fpu/crti.o
 .text          0x0000000000000000       0x5c /usr/bin/../lib/gcc/arm-none-eabi/5.3.1/armv7e-m/fpu/crtbegin.o
 .data          0x0000000000000000        0x4 /usr/bin/../lib/gcc/arm-none-eabi/5.3.1/armv7e-m/fpu/crtbegin.o
 .bss           0x0000000000000000       0x1c /usr/bin/../lib/gcc/arm-none-eabi/5.3.1/armv7e-m/fpu/crtbegin.o
 .init_array    0x0000000000000000        0x4 /usr/bin/../lib/gcc/arm-none-eabi/5.3.1/armv7e-m/fpu/crtbegin.o
 .fini_array    0x0000000000000000        0x4 /usr/bin/../lib/gcc/arm-none-eabi/5.3.1/armv7e-m/fpu/crtbegin.o
 .eh_frame      0x0000000000000000        0x0 /usr/bin/../lib/gcc/arm-none-eabi/5.3.1/armv7e-m/fpu/crtbegin.o
 .jcr           0x0000000000000000        0x0 /usr/bin/../lib/gcc/arm-none-eabi/5.3.1/armv7e-m/fpu/crtbegin.o
 .ARM.attributes
                0x0000000000000000       0x34 /usr/bin/../lib/gcc/arm-none-eabi/5.3.1/armv7e-m/fpu/crtbegin.o
 .text          0x0000000000000000       0x74 /usr/bin/../lib/gcc/arm-none-eabi/5.3.1/../../../../arm-none-eabi/lib/armv7e-m/fpu/crt0.o
 .data          0x0000000000000000        0x0 /usr/bin/../lib/gcc/arm-none-eabi/5.3.1/../../../../arm-none-eabi/lib/armv7e-m/fpu/crt0.o
 .bss           0x0000000000000000        0x0 /usr/bin/../lib/gcc/arm-none-eabi/5.3.1/../../../../arm-none-eabi/lib/armv7e-m/fpu/crt0.o
 .ARM.extab     0x0000000000000000        0x0 /usr/bin/../lib/gcc/arm-none-eabi/5.3.1/../../../../arm-none-eabi/lib/armv7e-m/fpu/crt0.o
 .ARM.exidx     0x0000000000000000        0x8 /usr/bin/../lib/gcc/arm-none-eabi/5.3.1/../../../../arm-none-eabi/lib/armv7e-m/fpu/crt0.o
 .ARM.attributes
                0x0000000000000000       0x20 /usr/bin/../lib/gcc/arm-none-eabi/5.3.1/../../../../arm-none-eabi/lib/armv7e-m/fpu/crt0.o
 .text          0x0000000000000000        0x0 objs/main.o
 .data          0x0000000000000000        0x0 objs/main.o
 .bss           0x0000000000000000        0x0 objs/main.o
 .text          0x0000000000000000        0x0 objs/stm32f30x_it.o
 .data          0x0000000000000000        0x0 objs/stm32f30x_it.o
 .bss           0x0000000000000000        0x0 objs/stm32f30x_it.o
 .text          0x0000000000000000        0x0 objs/stm32f3_discovery.o
 .data          0x0000000000000000        0x0 objs/stm32f3_discovery.o
 .bss           0x0000000000000000        0x0 objs/stm32f3_discovery.o
 .text.STM_EVAL_LEDToggle
                0x0000000000000000       0x20 objs/stm32f3_discovery.o
 .text.STM_EVAL_PBInit
                0x0000000000000000       0x7c objs/stm32f3_discovery.o
 .text.STM_EVAL_PBGetState
                0x0000000000000000       0x14 objs/stm32f3_discovery.o
 .rodata.BUTTON_IRQn
                0x0000000000000000        0x1 objs/stm32f3_discovery.o
 .rodata.BUTTON_PIN
                0x0000000000000000        0x2 objs/stm32f3_discovery.o
 .rodata.BUTTON_CLK
                0x0000000000000000        0x4 objs/stm32f3_discovery.o
 .rodata.BUTTON_PORT_SOURCE
                0x0000000000000000        0x1 objs/stm32f3_discovery.o
 .data.BUTTON_PORT
                0x0000000000000000        0x4 objs/stm32f3_discovery.o
 .rodata.BUTTON_PIN_SOURCE
                0x0000000000000000        0x1 objs/stm32f3_discovery.o
 .rodata.BUTTON_EXTI_LINE
                0x0000000000000000        0x2 objs/stm32f3_discovery.o
 .text          0x0000000000000000        0x0 objs/system_stm32f30x.o
 .data          0x0000000000000000        0x0 objs/system_stm32f30x.o
 .bss           0x0000000000000000        0x0 objs/system_stm32f30x.o
 .text.SystemCoreClockUpdate
                0x0000000000000000       0x68 objs/system_stm32f30x.o
 .data.AHBPrescTable
                0x0000000000000000       0x10 objs/system_stm32f30x.o
 .data.SystemCoreClock
                0x0000000000000000        0x4 objs/system_stm32f30x.o
 .text          0x0000000000000000       0x14 /tmp/cc2bUc5s.o
 .data          0x0000000000000000        0x0 /tmp/cc2bUc5s.o
 .bss           0x0000000000000000        0x0 /tmp/cc2bUc5s.o
 .text          0x0000000000000000      0x1b8 Libraries/libstm32f3.a(stm32f30x_exti.o)
 .data          0x0000000000000000        0x0 Libraries/libstm32f3.a(stm32f30x_exti.o)
 .bss           0x0000000000000000        0x0 Libraries/libstm32f3.a(stm32f30x_exti.o)
 .debug_info    0x0000000000000000      0x33d Libraries/libstm32f3.a(stm32f30x_exti.o)
 .debug_abbrev  0x0000000000000000      0x18f Libraries/libstm32f3.a(stm32f30x_exti.o)
 .debug_loc     0x0000000000000000      0x22a Libraries/libstm32f3.a(stm32f30x_exti.o)
 .debug_aranges
                0x0000000000000000       0x20 Libraries/libstm32f3.a(stm32f30x_exti.o)
 .debug_line    0x0000000000000000      0x17d Libraries/libstm32f3.a(stm32f30x_exti.o)
 .debug_str     0x0000000000000000      0x39b Libraries/libstm32f3.a(stm32f30x_exti.o)
 .comment       0x0000000000000000       0x6f Libraries/libstm32f3.a(stm32f30x_exti.o)
 .debug_frame   0x0000000000000000       0xd0 Libraries/libstm32f3.a(stm32f30x_exti.o)
 .ARM.attributes
                0x0000000000000000       0x39 Libraries/libstm32f3.a(stm32f30x_exti.o)
 .data          0x0000000000000000        0x0 Libraries/libstm32f3.a(stm32f30x_gpio.o)
 .bss           0x0000000000000000        0x0 Libraries/libstm32f3.a(stm32f30x_gpio.o)
 .text          0x0000000000000000       0xc4 Libraries/libstm32f3.a(stm32f30x_misc.o)
 .data          0x0000000000000000        0x0 Libraries/libstm32f3.a(stm32f30x_misc.o)
 .bss           0x0000000000000000        0x0 Libraries/libstm32f3.a(stm32f30x_misc.o)
 .debug_info    0x0000000000000000      0x53f Libraries/libstm32f3.a(stm32f30x_misc.o)
 .debug_abbrev  0x0000000000000000      0x158 Libraries/libstm32f3.a(stm32f30x_misc.o)
 .debug_loc     0x0000000000000000      0x185 Libraries/libstm32f3.a(stm32f30x_misc.o)
 .debug_aranges
                0x0000000000000000       0x20 Libraries/libstm32f3.a(stm32f30x_misc.o)
 .debug_line    0x0000000000000000      0x151 Libraries/libstm32f3.a(stm32f30x_misc.o)
 .debug_str     0x0000000000000000      0x419 Libraries/libstm32f3.a(stm32f30x_misc.o)
 .comment       0x0000000000000000       0x6f Libraries/libstm32f3.a(stm32f30x_misc.o)
 .debug_frame   0x0000000000000000       0x74 Libraries/libstm32f3.a(stm32f30x_misc.o)
 .ARM.attributes
                0x0000000000000000       0x39 Libraries/libstm32f3.a(stm32f30x_misc.o)
 .bss           0x0000000000000000        0x0 Libraries/libstm32f3.a(stm32f30x_rcc.o)
 .text          0x0000000000000000      0x144 Libraries/libstm32f3.a(stm32f30x_syscfg.o)
 .data          0x0000000000000000        0x0 Libraries/libstm32f3.a(stm32f30x_syscfg.o)
 .bss           0x0000000000000000        0x0 Libraries/libstm32f3.a(stm32f30x_syscfg.o)
 .debug_info    0x0000000000000000      0x41a Libraries/libstm32f3.a(stm32f30x_syscfg.o)
 .debug_abbrev  0x0000000000000000      0x1a3 Libraries/libstm32f3.a(stm32f30x_syscfg.o)
 .debug_loc     0x0000000000000000      0x255 Libraries/libstm32f3.a(stm32f30x_syscfg.o)
 .debug_aranges
                0x0000000000000000       0x20 Libraries/libstm32f3.a(stm32f30x_syscfg.o)
 .debug_line    0x0000000000000000      0x13f Libraries/libstm32f3.a(stm32f30x_syscfg.o)
 .debug_str     0x0000000000000000      0x485 Libraries/libstm32f3.a(stm32f30x_syscfg.o)
 .comment       0x0000000000000000       0x6f Libraries/libstm32f3.a(stm32f30x_syscfg.o)
 .debug_frame   0x0000000000000000      0x10c Libraries/libstm32f3.a(stm32f30x_syscfg.o)
 .ARM.attributes
                0x0000000000000000       0x39 Libraries/libstm32f3.a(stm32f30x_syscfg.o)
 .text          0x0000000000000000        0x0 /usr/bin/../lib/gcc/arm-none-eabi/5.3.1/../../../../arm-none-eabi/lib/armv7e-m/fpu/libg.a(lib_a-exit.o)
 .data          0x0000000000000000        0x0 /usr/bin/../lib/gcc/arm-none-eabi/5.3.1/../../../../arm-none-eabi/lib/armv7e-m/fpu/libg.a(lib_a-exit.o)
 .bss           0x0000000000000000        0x0 /usr/bin/../lib/gcc/arm-none-eabi/5.3.1/../../../../arm-none-eabi/lib/armv7e-m/fpu/libg.a(lib_a-exit.o)
 .text.exit     0x0000000000000000       0x20 /usr/bin/../lib/gcc/arm-none-eabi/5.3.1/../../../../arm-none-eabi/lib/armv7e-m/fpu/libg.a(lib_a-exit.o)
 .debug_frame   0x0000000000000000       0x28 /usr/bin/../lib/gcc/arm-none-eabi/5.3.1/../../../../arm-none-eabi/lib/armv7e-m/fpu/libg.a(lib_a-exit.o)
 .ARM.attributes
                0x0000000000000000       0x34 /usr/bin/../lib/gcc/arm-none-eabi/5.3.1/../../../../arm-none-eabi/lib/armv7e-m/fpu/libg.a(lib_a-exit.o)
 .text          0x0000000000000000        0x0 /usr/bin/../lib/gcc/arm-none-eabi/5.3.1/../../../../arm-none-eabi/lib/armv7e-m/fpu/libg.a(lib_a-impure.o)
 .data          0x0000000000000000        0x0 /usr/bin/../lib/gcc/arm-none-eabi/5.3.1/../../../../arm-none-eabi/lib/armv7e-m/fpu/libg.a(lib_a-impure.o)
 .bss           0x0000000000000000        0x0 /usr/bin/../lib/gcc/arm-none-eabi/5.3.1/../../../../arm-none-eabi/lib/armv7e-m/fpu/libg.a(lib_a-impure.o)
 .data.impure_data
                0x0000000000000000      0x428 /usr/bin/../lib/gcc/arm-none-eabi/5.3.1/../../../../arm-none-eabi/lib/armv7e-m/fpu/libg.a(lib_a-impure.o)
 .data._impure_ptr
                0x0000000000000000        0x4 /usr/bin/../lib/gcc/arm-none-eabi/5.3.1/../../../../arm-none-eabi/lib/armv7e-m/fpu/libg.a(lib_a-impure.o)
 .rodata.str1.4
                0x0000000000000000        0x2 /usr/bin/../lib/gcc/arm-none-eabi/5.3.1/../../../../arm-none-eabi/lib/armv7e-m/fpu/libg.a(lib_a-impure.o)
 .rodata._global_impure_ptr
                0x0000000000000000        0x4 /usr/bin/../lib/gcc/arm-none-eabi/5.3.1/../../../../arm-none-eabi/lib/armv7e-m/fpu/libg.a(lib_a-impure.o)
 .ARM.attributes
                0x0000000000000000       0x34 /usr/bin/../lib/gcc/arm-none-eabi/5.3.1/../../../../arm-none-eabi/lib/armv7e-m/fpu/libg.a(lib_a-impure.o)
 .text          0x0000000000000000        0x0 /usr/bin/../lib/gcc/arm-none-eabi/5.3.1/../../../../arm-none-eabi/lib/armv7e-m/fpu/libg.a(lib_a-init.o)
 .data          0x0000000000000000        0x0 /usr/bin/../lib/gcc/arm-none-eabi/5.3.1/../../../../arm-none-eabi/lib/armv7e-m/fpu/libg.a(lib_a-init.o)
 .bss           0x0000000000000000        0x0 /usr/bin/../lib/gcc/arm-none-eabi/5.3.1/../../../../arm-none-eabi/lib/armv7e-m/fpu/libg.a(lib_a-init.o)
 .text          0x0000000000000000        0x0 /usr/bin/../lib/gcc/arm-none-eabi/5.3.1/../../../../arm-none-eabi/lib/armv7e-m/fpu/libg.a(lib_a-memset.o)
 .data          0x0000000000000000        0x0 /usr/bin/../lib/gcc/arm-none-eabi/5.3.1/../../../../arm-none-eabi/lib/armv7e-m/fpu/libg.a(lib_a-memset.o)
 .bss           0x0000000000000000        0x0 /usr/bin/../lib/gcc/arm-none-eabi/5.3.1/../../../../arm-none-eabi/lib/armv7e-m/fpu/libg.a(lib_a-memset.o)
 .text.memset   0x0000000000000000       0x9c /usr/bin/../lib/gcc/arm-none-eabi/5.3.1/../../../../arm-none-eabi/lib/armv7e-m/fpu/libg.a(lib_a-memset.o)
 .debug_frame   0x0000000000000000       0x34 /usr/bin/../lib/gcc/arm-none-eabi/5.3.1/../../../../arm-none-eabi/lib/armv7e-m/fpu/libg.a(lib_a-memset.o)
 .ARM.attributes
                0x0000000000000000       0x34 /usr/bin/../lib/gcc/arm-none-eabi/5.3.1/../../../../arm-none-eabi/lib/armv7e-m/fpu/libg.a(lib_a-memset.o)
 .text          0x0000000000000000        0x0 /usr/bin/../lib/gcc/arm-none-eabi/5.3.1/../../../../arm-none-eabi/lib/armv7e-m/fpu/libg.a(lib_a-__call_atexit.o)
 .data          0x0000000000000000        0x0 /usr/bin/../lib/gcc/arm-none-eabi/5.3.1/../../../../arm-none-eabi/lib/armv7e-m/fpu/libg.a(lib_a-__call_atexit.o)
 .bss           0x0000000000000000        0x0 /usr/bin/../lib/gcc/arm-none-eabi/5.3.1/../../../../arm-none-eabi/lib/armv7e-m/fpu/libg.a(lib_a-__call_atexit.o)
 .text.startup.register_fini
                0x0000000000000000       0x14 /usr/bin/../lib/gcc/arm-none-eabi/5.3.1/../../../../arm-none-eabi/lib/armv7e-m/fpu/libg.a(lib_a-__call_atexit.o)
 .init_array.00000
                0x0000000000000000        0x4 /usr/bin/../lib/gcc/arm-none-eabi/5.3.1/../../../../arm-none-eabi/lib/armv7e-m/fpu/libg.a(lib_a-__call_atexit.o)
 .text.__call_exitprocs
                0x0000000000000000       0xd8 /usr/bin/../lib/gcc/arm-none-eabi/5.3.1/../../../../arm-none-eabi/lib/armv7e-m/fpu/libg.a(lib_a-__call_atexit.o)
 .debug_frame   0x0000000000000000       0x50 /usr/bin/../lib/gcc/arm-none-eabi/5.3.1/../../../../arm-none-eabi/lib/armv7e-m/fpu/libg.a(lib_a-__call_atexit.o)
 .ARM.attributes
                0x0000000000000000       0x34 /usr/bin/../lib/gcc/arm-none-eabi/5.3.1/../../../../arm-none-eabi/lib/armv7e-m/fpu/libg.a(lib_a-__call_atexit.o)
 .text          0x0000000000000000        0x0 /usr/bin/../lib/gcc/arm-none-eabi/5.3.1/../../../../arm-none-eabi/lib/armv7e-m/fpu/libg.a(lib_a-atexit.o)
 .data          0x0000000000000000        0x0 /usr/bin/../lib/gcc/arm-none-eabi/5.3.1/../../../../arm-none-eabi/lib/armv7e-m/fpu/libg.a(lib_a-atexit.o)
 .bss           0x0000000000000000        0x0 /usr/bin/../lib/gcc/arm-none-eabi/5.3.1/../../../../arm-none-eabi/lib/armv7e-m/fpu/libg.a(lib_a-atexit.o)
 .text.atexit   0x0000000000000000        0xc /usr/bin/../lib/gcc/arm-none-eabi/5.3.1/../../../../arm-none-eabi/lib/armv7e-m/fpu/libg.a(lib_a-atexit.o)
 .debug_frame   0x0000000000000000       0x20 /usr/bin/../lib/gcc/arm-none-eabi/5.3.1/../../../../arm-none-eabi/lib/armv7e-m/fpu/libg.a(lib_a-atexit.o)
 .ARM.attributes
                0x0000000000000000       0x34 /usr/bin/../lib/gcc/arm-none-eabi/5.3.1/../../../../arm-none-eabi/lib/armv7e-m/fpu/libg.a(lib_a-atexit.o)
 .text          0x0000000000000000        0x0 /usr/bin/../lib/gcc/arm-none-eabi/5.3.1/../../../../arm-none-eabi/lib/armv7e-m/fpu/libg.a(lib_a-fini.o)
 .data          0x0000000000000000        0x0 /usr/bin/../lib/gcc/arm-none-eabi/5.3.1/../../../../arm-none-eabi/lib/armv7e-m/fpu/libg.a(lib_a-fini.o)
 .bss           0x0000000000000000        0x0 /usr/bin/../lib/gcc/arm-none-eabi/5.3.1/../../../../arm-none-eabi/lib/armv7e-m/fpu/libg.a(lib_a-fini.o)
 .text.__libc_fini_array
                0x0000000000000000       0x28 /usr/bin/../lib/gcc/arm-none-eabi/5.3.1/../../../../arm-none-eabi/lib/armv7e-m/fpu/libg.a(lib_a-fini.o)
 .debug_frame   0x0000000000000000       0x34 /usr/bin/../lib/gcc/arm-none-eabi/5.3.1/../../../../arm-none-eabi/lib/armv7e-m/fpu/libg.a(lib_a-fini.o)
 .ARM.attributes
                0x0000000000000000       0x34 /usr/bin/../lib/gcc/arm-none-eabi/5.3.1/../../../../arm-none-eabi/lib/armv7e-m/fpu/libg.a(lib_a-fini.o)
 .text          0x0000000000000000        0x0 /usr/bin/../lib/gcc/arm-none-eabi/5.3.1/../../../../arm-none-eabi/lib/armv7e-m/fpu/libg.a(lib_a-__atexit.o)
 .data          0x0000000000000000        0x0 /usr/bin/../lib/gcc/arm-none-eabi/5.3.1/../../../../arm-none-eabi/lib/armv7e-m/fpu/libg.a(lib_a-__atexit.o)
 .bss           0x0000000000000000        0x0 /usr/bin/../lib/gcc/arm-none-eabi/5.3.1/../../../../arm-none-eabi/lib/armv7e-m/fpu/libg.a(lib_a-__atexit.o)
 .text.__register_exitproc
                0x0000000000000000       0xa4 /usr/bin/../lib/gcc/arm-none-eabi/5.3.1/../../../../arm-none-eabi/lib/armv7e-m/fpu/libg.a(lib_a-__atexit.o)
 .debug_frame   0x0000000000000000       0x34 /usr/bin/../lib/gcc/arm-none-eabi/5.3.1/../../../../arm-none-eabi/lib/armv7e-m/fpu/libg.a(lib_a-__atexit.o)
 .ARM.attributes
                0x0000000000000000       0x34 /usr/bin/../lib/gcc/arm-none-eabi/5.3.1/../../../../arm-none-eabi/lib/armv7e-m/fpu/libg.a(lib_a-__atexit.o)
 .text          0x0000000000000000        0x0 /usr/bin/../lib/gcc/arm-none-eabi/5.3.1/armv7e-m/fpu/crtend.o
 .data          0x0000000000000000        0x0 /usr/bin/../lib/gcc/arm-none-eabi/5.3.1/armv7e-m/fpu/crtend.o
 .bss           0x0000000000000000        0x0 /usr/bin/../lib/gcc/arm-none-eabi/5.3.1/armv7e-m/fpu/crtend.o
 .eh_frame      0x0000000000000000        0x4 /usr/bin/../lib/gcc/arm-none-eabi/5.3.1/armv7e-m/fpu/crtend.o
 .jcr           0x0000000000000000        0x4 /usr/bin/../lib/gcc/arm-none-eabi/5.3.1/armv7e-m/fpu/crtend.o
 .ARM.attributes
                0x0000000000000000       0x34 /usr/bin/../lib/gcc/arm-none-eabi/5.3.1/armv7e-m/fpu/crtend.o
 .text          0x0000000000000000        0x0 /usr/bin/../lib/gcc/arm-none-eabi/5.3.1/armv7e-m/fpu/crtn.o
 .data          0x0000000000000000        0x0 /usr/bin/../lib/gcc/arm-none-eabi/5.3.1/armv7e-m/fpu/crtn.o
 .bss           0x0000000000000000        0x0 /usr/bin/../lib/gcc/arm-none-eabi/5.3.1/armv7e-m/fpu/crtn.o

Memory Configuration

Name             Origin             Length             Attributes
FLASH            0x0000000008000000 0x0000000000040000 xr
RAM              0x0000000020000000 0x0000000000008000 xrw
*default*        0x0000000000000000 0xffffffffffffffff

Linker script and memory map

LOAD /usr/bin/../lib/gcc/arm-none-eabi/5.3.1/armv7e-m/fpu/crti.o
LOAD /usr/bin/../lib/gcc/arm-none-eabi/5.3.1/armv7e-m/fpu/crtbegin.o
LOAD /usr/bin/../lib/gcc/arm-none-eabi/5.3.1/../../../../arm-none-eabi/lib/armv7e-m/fpu/crt0.o
LOAD objs/main.o
LOAD objs/stm32f30x_it.o
LOAD objs/stm32f3_discovery.o
LOAD objs/system_stm32f30x.o
LOAD /tmp/cc2bUc5s.o
LOAD Libraries/libstm32f3.a
START GROUP
LOAD /usr/bin/../lib/gcc/arm-none-eabi/5.3.1/armv7e-m/fpu/libgcc.a
LOAD /usr/bin/../lib/gcc/arm-none-eabi/5.3.1/../../../../arm-none-eabi/lib/armv7e-m/fpu/libg.a
LOAD /usr/bin/../lib/gcc/arm-none-eabi/5.3.1/../../../../arm-none-eabi/lib/armv7e-m/fpu/libc.a
END GROUP
LOAD /usr/bin/../lib/gcc/arm-none-eabi/5.3.1/armv7e-m/fpu/crtend.o
LOAD /usr/bin/../lib/gcc/arm-none-eabi/5.3.1/armv7e-m/fpu/crtn.o
                0x0000000020008000                _estack = 0x20008000

.isr_vector     0x0000000008000000      0x188
                0x0000000008000000                . = ALIGN (0x4)
 *(.isr_vector)
 .isr_vector    0x0000000008000000      0x188 /tmp/cc2bUc5s.o
                0x0000000008000000                g_pfnVectors
                0x0000000008000188                . = ALIGN (0x4)

.text           0x0000000008000188      0xdfc
                0x0000000008000188                . = ALIGN (0x4)
 *(.text)
 .text          0x0000000008000188      0x25c Libraries/libstm32f3.a(stm32f30x_gpio.o)
                0x0000000008000188                GPIO_DeInit
                0x0000000008000298                GPIO_Init
                0x0000000008000354                GPIO_StructInit
                0x0000000008000368                GPIO_PinLockConfig
                0x0000000008000378                GPIO_ReadInputDataBit
                0x0000000008000384                GPIO_ReadInputData
                0x000000000800038c                GPIO_ReadOutputDataBit
                0x0000000008000398                GPIO_ReadOutputData
                0x00000000080003a0                GPIO_SetBits
                0x00000000080003a4                GPIO_ResetBits
                0x00000000080003a8                GPIO_WriteBit
                0x00000000080003b4                GPIO_Write
                0x00000000080003b8                GPIO_PinAFConfig
 .text          0x00000000080003e4      0x828 Libraries/libstm32f3.a(stm32f30x_rcc.o)
                0x00000000080003e4                RCC_DeInit
                0x0000000008000438                RCC_HSEConfig
                0x0000000008000448                RCC_WaitForHSEStartUp
                0x000000000800047c                RCC_AdjustHSICalibrationValue
                0x0000000008000490                RCC_HSICmd
                0x000000000800049c                RCC_LSEConfig
                0x00000000080004bc                RCC_LSEDriveConfig
                0x00000000080004d4                RCC_LSICmd
                0x00000000080004e0                RCC_PLLConfig
                0x00000000080004f8                RCC_PLLCmd
                0x0000000008000504                RCC_PREDIV1Config
                0x0000000008000518                RCC_ClockSecuritySystemCmd
                0x0000000008000524                RCC_MCOConfig
                0x0000000008000538                RCC_SYSCLKConfig
                0x000000000800054c                RCC_GetSYSCLKSource
                0x000000000800055c                RCC_HCLKConfig
                0x0000000008000570                RCC_PCLK1Config
                0x0000000008000584                RCC_PCLK2Config
                0x0000000008000598                RCC_GetClocksFreq
                0x0000000008000944                RCC_ADCCLKConfig
                0x0000000008000964                RCC_I2CCLKConfig
                0x00000000080009a0                RCC_TIMCLKConfig
                0x0000000008000a1c                RCC_HRTIM1CLKConfig
                0x0000000008000a34                RCC_USARTCLKConfig
                0x0000000008000a90                RCC_USBCLKConfig
                0x0000000008000a9c                RCC_RTCCLKConfig
                0x0000000008000aac                RCC_I2SCLKConfig
                0x0000000008000ab8                RCC_RTCCLKCmd
                0x0000000008000ac4                RCC_BackupResetCmd
                0x0000000008000ad0                RCC_AHBPeriphClockCmd
                0x0000000008000aec                RCC_APB2PeriphClockCmd
                0x0000000008000b08                RCC_APB1PeriphClockCmd
                0x0000000008000b24                RCC_AHBPeriphResetCmd
                0x0000000008000b40                RCC_APB2PeriphResetCmd
                0x0000000008000b5c                RCC_APB1PeriphResetCmd
                0x0000000008000b78                RCC_ITConfig
                0x0000000008000b94                RCC_GetFlagStatus
                0x0000000008000bdc                RCC_ClearFlag
                0x0000000008000bec                RCC_GetITStatus
                0x0000000008000c00                RCC_ClearITPendingBit
 *(.text.*)
 .text.Delay    0x0000000008000c0c       0x18 objs/main.o
                0x0000000008000c0c                Delay
 .text.startup.main
                0x0000000008000c24       0xdc objs/main.o
                0x0000000008000c24                main
 .text.TimingDelay_Decrement
                0x0000000008000d00       0x14 objs/main.o
                0x0000000008000d00                TimingDelay_Decrement
 .text.NMI_Handler
                0x0000000008000d14        0x2 objs/stm32f30x_it.o
                0x0000000008000d14                NMI_Handler
 .text.HardFault_Handler
                0x0000000008000d16        0x2 objs/stm32f30x_it.o
                0x0000000008000d16                HardFault_Handler
 .text.MemManage_Handler
                0x0000000008000d18        0x2 objs/stm32f30x_it.o
                0x0000000008000d18                MemManage_Handler
 .text.BusFault_Handler
                0x0000000008000d1a        0x2 objs/stm32f30x_it.o
                0x0000000008000d1a                BusFault_Handler
 .text.UsageFault_Handler
                0x0000000008000d1c        0x2 objs/stm32f30x_it.o
                0x0000000008000d1c                UsageFault_Handler
 .text.SVC_Handler
                0x0000000008000d1e        0x2 objs/stm32f30x_it.o
                0x0000000008000d1e                SVC_Handler
 .text.DebugMon_Handler
                0x0000000008000d20        0x2 objs/stm32f30x_it.o
                0x0000000008000d20                DebugMon_Handler
 .text.PendSV_Handler
                0x0000000008000d22        0x2 objs/stm32f30x_it.o
                0x0000000008000d22                PendSV_Handler
 .text.SysTick_Handler
                0x0000000008000d24        0x4 objs/stm32f30x_it.o
                0x0000000008000d24                SysTick_Handler
 .text.STM_EVAL_LEDInit
                0x0000000008000d28       0x4c objs/stm32f3_discovery.o
                0x0000000008000d28                STM_EVAL_LEDInit
 .text.STM_EVAL_LEDOn
                0x0000000008000d74       0x18 objs/stm32f3_discovery.o
                0x0000000008000d74                STM_EVAL_LEDOn
 .text.STM_EVAL_LEDOff
                0x0000000008000d8c       0x18 objs/stm32f3_discovery.o
                0x0000000008000d8c                STM_EVAL_LEDOff
 .text.SystemInit
                0x0000000008000da4       0xfc objs/system_stm32f30x.o
                0x0000000008000da4                SystemInit
 .text.Reset_Handler
                0x0000000008000ea0       0x48 /tmp/cc2bUc5s.o
                0x0000000008000ea0                Reset_Handler
 .text.Default_Handler
                0x0000000008000ee8        0x2 /tmp/cc2bUc5s.o
                0x0000000008000ee8                RTC_Alarm_IRQHandler
                0x0000000008000ee8                TIM8_TRG_COM_IRQHandler
                0x0000000008000ee8                TIM8_CC_IRQHandler
                0x0000000008000ee8                TIM1_CC_IRQHandler
                0x0000000008000ee8                USB_HP_IRQHandler
                0x0000000008000ee8                PVD_IRQHandler
                0x0000000008000ee8                EXTI3_IRQHandler
                0x0000000008000ee8                EXTI0_IRQHandler
                0x0000000008000ee8                I2C2_EV_IRQHandler
                0x0000000008000ee8                FPU_IRQHandler
                0x0000000008000ee8                EXTI2_TS_IRQHandler
                0x0000000008000ee8                TIM1_UP_TIM16_IRQHandler
                0x0000000008000ee8                ADC1_2_IRQHandler
                0x0000000008000ee8                SPI1_IRQHandler
                0x0000000008000ee8                TIM6_DAC_IRQHandler
                0x0000000008000ee8                TIM8_UP_IRQHandler
                0x0000000008000ee8                DMA2_Channel2_IRQHandler
                0x0000000008000ee8                DMA1_Channel4_IRQHandler
                0x0000000008000ee8                USART3_IRQHandler
                0x0000000008000ee8                DMA1_Channel7_IRQHandler
                0x0000000008000ee8                CAN1_RX1_IRQHandler
                0x0000000008000ee8                UART5_IRQHandler
                0x0000000008000ee8                ADC3_IRQHandler
                0x0000000008000ee8                TIM4_IRQHandler
                0x0000000008000ee8                DMA2_Channel1_IRQHandler
                0x0000000008000ee8                I2C1_EV_IRQHandler
                0x0000000008000ee8                DMA1_Channel6_IRQHandler
                0x0000000008000ee8                UART4_IRQHandler
                0x0000000008000ee8                DMA2_Channel4_IRQHandler
                0x0000000008000ee8                TIM3_IRQHandler
                0x0000000008000ee8                RCC_IRQHandler
                0x0000000008000ee8                DMA1_Channel1_IRQHandler
                0x0000000008000ee8                Default_Handler
                0x0000000008000ee8                USBWakeUp_RMP_IRQHandler
                0x0000000008000ee8                EXTI15_10_IRQHandler
                0x0000000008000ee8                TIM7_IRQHandler
                0x0000000008000ee8                EXTI9_5_IRQHandler
                0x0000000008000ee8                TAMPER_STAMP_IRQHandler
                0x0000000008000ee8                RTC_WKUP_IRQHandler
                0x0000000008000ee8                SPI2_IRQHandler
                0x0000000008000ee8                DMA2_Channel5_IRQHandler
                0x0000000008000ee8                DMA1_Channel5_IRQHandler
                0x0000000008000ee8                USB_LP_IRQHandler
                0x0000000008000ee8                EXTI4_IRQHandler
                0x0000000008000ee8                USB_LP_CAN1_RX0_IRQHandler
                0x0000000008000ee8                TIM1_TRG_COM_TIM17_IRQHandler
                0x0000000008000ee8                USB_HP_CAN1_TX_IRQHandler
                0x0000000008000ee8                DMA1_Channel3_IRQHandler
                0x0000000008000ee8                ADC4_IRQHandler
                0x0000000008000ee8                WWDG_IRQHandler
                0x0000000008000ee8                TIM2_IRQHandler
                0x0000000008000ee8                COMP7_IRQHandler
                0x0000000008000ee8                COMP1_2_3_IRQHandler
                0x0000000008000ee8                EXTI1_IRQHandler
                0x0000000008000ee8                USART2_IRQHandler
                0x0000000008000ee8                COMP4_5_6_IRQHandler
                0x0000000008000ee8                I2C2_ER_IRQHandler
                0x0000000008000ee8                DMA1_Channel2_IRQHandler
                0x0000000008000ee8                TIM8_BRK_IRQHandler
                0x0000000008000ee8                CAN1_SCE_IRQHandler
                0x0000000008000ee8                FLASH_IRQHandler
                0x0000000008000ee8                USART1_IRQHandler
                0x0000000008000ee8                SPI3_IRQHandler
                0x0000000008000ee8                I2C1_ER_IRQHandler
                0x0000000008000ee8                USBWakeUp_IRQHandler
                0x0000000008000ee8                DMA2_Channel3_IRQHandler
                0x0000000008000ee8                TIM1_BRK_TIM15_IRQHandler
 *fill*         0x0000000008000eea        0x2 
 .text.__libc_init_array
                0x0000000008000eec       0x50 /usr/bin/../lib/gcc/arm-none-eabi/5.3.1/../../../../arm-none-eabi/lib/armv7e-m/fpu/libg.a(lib_a-init.o)
                0x0000000008000eec                __libc_init_array
 *(.rodata)
 *(.rodata*)
 .rodata.GPIO_CLK
                0x0000000008000f3c       0x20 objs/stm32f3_discovery.o
                0x0000000008000f3c                GPIO_CLK
 .rodata.GPIO_PIN
                0x0000000008000f5c       0x10 objs/stm32f3_discovery.o
                0x0000000008000f5c                GPIO_PIN
 *(.glue_7)
 .glue_7        0x0000000008000f6c        0x0 linker stubs
 *(.glue_7t)
 .glue_7t       0x0000000008000f6c        0x0 linker stubs
 *(.init)
 .init          0x0000000008000f6c        0x4 /usr/bin/../lib/gcc/arm-none-eabi/5.3.1/armv7e-m/fpu/crti.o
                0x0000000008000f6c                _init
 .init          0x0000000008000f70        0x8 /usr/bin/../lib/gcc/arm-none-eabi/5.3.1/armv7e-m/fpu/crtn.o
 *(.fini)
 .fini          0x0000000008000f78        0x4 /usr/bin/../lib/gcc/arm-none-eabi/5.3.1/armv7e-m/fpu/crti.o
                0x0000000008000f78                _fini
 .fini          0x0000000008000f7c        0x8 /usr/bin/../lib/gcc/arm-none-eabi/5.3.1/armv7e-m/fpu/crtn.o
                0x0000000008000f84                . = ALIGN (0x4)
                0x0000000008000f84                _etext = .
                0x0000000008000f84                _sidata = _etext

.vfp11_veneer   0x0000000008000f84        0x0
 .vfp11_veneer  0x0000000008000f84        0x0 linker stubs

.v4_bx          0x0000000008000f84        0x0
 .v4_bx         0x0000000008000f84        0x0 linker stubs

.iplt           0x0000000008000f84        0x0
 .iplt          0x0000000008000f84        0x0 /usr/bin/../lib/gcc/arm-none-eabi/5.3.1/armv7e-m/fpu/crtbegin.o

.rel.dyn        0x0000000008000f84        0x0
 .rel.iplt      0x0000000008000f84        0x0 /usr/bin/../lib/gcc/arm-none-eabi/5.3.1/armv7e-m/fpu/crtbegin.o

.data           0x0000000020000000       0x60 load address 0x0000000008000f84
                0x0000000020000000                . = ALIGN (0x4)
                0x0000000020000000                _sdata = .
                0x0000000020000000                _data = .
 *(.data)
 .data          0x0000000020000000       0x30 Libraries/libstm32f3.a(stm32f30x_rcc.o)
 *(.data.*)
 .data.light_wheel
                0x0000000020000030       0x10 objs/main.o
                0x0000000020000030                light_wheel
 .data.GPIO_PORT
                0x0000000020000040       0x20 objs/stm32f3_discovery.o
                0x0000000020000040                GPIO_PORT
 *(.RAMtext)
                0x0000000020000060                . = ALIGN (0x4)
                0x0000000020000060                _edata = .

.igot.plt       0x0000000020000060        0x0 load address 0x0000000008000fe4
 .igot.plt      0x0000000020000060        0x0 /usr/bin/../lib/gcc/arm-none-eabi/5.3.1/armv7e-m/fpu/crtbegin.o

.bss            0x0000000020000060       0x64 load address 0x0000000008000fe4
                0x0000000020000060                . = ALIGN (0x4)
                0x0000000020000060                _sbss = .
                0x0000000020000060                _bss = .
 *(.bss)
 *(.bss.*)
 .bss.TimingDelay
                0x0000000020000060        0x4 objs/main.o
                0x0000000020000060                TimingDelay
 .bss.counter   0x0000000020000064        0x4 objs/main.o
                0x0000000020000064                counter
 *(COMMON)
 COMMON         0x0000000020000068       0x5c objs/main.o
                0x0000000020000068                RCC_Clocks
                0x00000000200000c4                . = ALIGN (0x4)
                0x00000000200000c4                _ebss = .
                [!provide]                        PROVIDE (end, _ebss)
                [!provide]                        PROVIDE (_end, _ebss)
                0x00000000200000c4                __exidx_start = .
                0x00000000200000c4                __exidx_end = .

/DISCARD/
 libc.a(*)
 libm.a(*)
 libgcc.a(*)

.stab
 *(.stab)

.stabstr
 *(.stabstr)

.stab.excl
 *(.stab.excl)

.stab.exclstr
 *(.stab.exclstr)

.stab.index
 *(.stab.index)

.stab.indexstr
 *(.stab.indexstr)

.comment        0x0000000000000000       0x6e
 *(.comment)
 .comment       0x0000000000000000       0x6e objs/main.o
                                         0x6f (size before relaxing)
 .comment       0x000000000000006e       0x6f objs/stm32f30x_it.o
 .comment       0x000000000000006e       0x6f objs/stm32f3_discovery.o
 .comment       0x000000000000006e       0x6f objs/system_stm32f30x.o
 .comment       0x000000000000006e       0x6f Libraries/libstm32f3.a(stm32f30x_gpio.o)
 .comment       0x000000000000006e       0x6f Libraries/libstm32f3.a(stm32f30x_rcc.o)

.ARM.attributes
                0x0000000000000000       0x30
 .ARM.attributes
                0x0000000000000000       0x22 /usr/bin/../lib/gcc/arm-none-eabi/5.3.1/armv7e-m/fpu/crti.o
 .ARM.attributes
                0x0000000000000022       0x39 objs/main.o
 .ARM.attributes
                0x000000000000005b       0x39 objs/stm32f30x_it.o
 .ARM.attributes
                0x0000000000000094       0x39 objs/stm32f3_discovery.o
 .ARM.attributes
                0x00000000000000cd       0x39 objs/system_stm32f30x.o
 .ARM.attributes
                0x0000000000000106       0x21 /tmp/cc2bUc5s.o
 .ARM.attributes
                0x0000000000000127       0x39 Libraries/libstm32f3.a(stm32f30x_gpio.o)
 .ARM.attributes
                0x0000000000000160       0x39 Libraries/libstm32f3.a(stm32f30x_rcc.o)
 .ARM.attributes
                0x0000000000000199       0x34 /usr/bin/../lib/gcc/arm-none-eabi/5.3.1/../../../../arm-none-eabi/lib/armv7e-m/fpu/libg.a(lib_a-init.o)
 .ARM.attributes
                0x00000000000001cd       0x22 /usr/bin/../lib/gcc/arm-none-eabi/5.3.1/armv7e-m/fpu/crtn.o

.debug
 *(.debug)

.line
 *(.line)

.debug_srcinfo
 *(.debug_srcinfo)

.debug_sfnames
 *(.debug_sfnames)

.debug_aranges  0x0000000000000000      0x150
 *(.debug_aranges)
 .debug_aranges
                0x0000000000000000       0x30 objs/main.o
 .debug_aranges
                0x0000000000000030       0x48 objs/stm32f30x_it.o
 .debug_aranges
                0x0000000000000078       0x48 objs/stm32f3_discovery.o
 .debug_aranges
                0x00000000000000c0       0x28 objs/system_stm32f30x.o
 .debug_aranges
                0x00000000000000e8       0x28 /tmp/cc2bUc5s.o
 .debug_aranges
                0x0000000000000110       0x20 Libraries/libstm32f3.a(stm32f30x_gpio.o)
 .debug_aranges
                0x0000000000000130       0x20 Libraries/libstm32f3.a(stm32f30x_rcc.o)

.debug_pubnames
 *(.debug_pubnames)

.debug_info     0x0000000000000000     0x2d83
 *(.debug_info .gnu.linkonce.wi.*)
 .debug_info    0x0000000000000000      0x9d2 objs/main.o
 .debug_info    0x00000000000009d2      0x130 objs/stm32f30x_it.o
 .debug_info    0x0000000000000b02      0x9a3 objs/stm32f3_discovery.o
 .debug_info    0x00000000000014a5      0x4df objs/system_stm32f30x.o
 .debug_info    0x0000000000001984       0x71 /tmp/cc2bUc5s.o
 .debug_info    0x00000000000019f5      0x7a5 Libraries/libstm32f3.a(stm32f30x_gpio.o)
 .debug_info    0x000000000000219a      0xbe9 Libraries/libstm32f3.a(stm32f30x_rcc.o)

.debug_abbrev   0x0000000000000000      0xaf7
 *(.debug_abbrev)
 .debug_abbrev  0x0000000000000000      0x265 objs/main.o
 .debug_abbrev  0x0000000000000265       0xdc objs/stm32f30x_it.o
 .debug_abbrev  0x0000000000000341      0x1cf objs/stm32f3_discovery.o
 .debug_abbrev  0x0000000000000510      0x147 objs/system_stm32f30x.o
 .debug_abbrev  0x0000000000000657       0x12 /tmp/cc2bUc5s.o
 .debug_abbrev  0x0000000000000669      0x1f5 Libraries/libstm32f3.a(stm32f30x_gpio.o)
 .debug_abbrev  0x000000000000085e      0x299 Libraries/libstm32f3.a(stm32f30x_rcc.o)

.debug_line     0x0000000000000000      0xce3
 *(.debug_line)
 .debug_line    0x0000000000000000      0x1db objs/main.o
 .debug_line    0x00000000000001db      0x11c objs/stm32f30x_it.o
 .debug_line    0x00000000000002f7      0x22e objs/stm32f3_discovery.o
 .debug_line    0x0000000000000525      0x166 objs/system_stm32f30x.o
 .debug_line    0x000000000000068b       0x77 /tmp/cc2bUc5s.o
 .debug_line    0x0000000000000702      0x1fb Libraries/libstm32f3.a(stm32f30x_gpio.o)
 .debug_line    0x00000000000008fd      0x3e6 Libraries/libstm32f3.a(stm32f30x_rcc.o)

.debug_frame    0x0000000000000000      0x5ec
 *(.debug_frame)
 .debug_frame   0x0000000000000000       0x58 objs/main.o
 .debug_frame   0x0000000000000058       0xa0 objs/stm32f30x_it.o
 .debug_frame   0x00000000000000f8       0x98 objs/stm32f3_discovery.o
 .debug_frame   0x0000000000000190       0x44 objs/system_stm32f30x.o
 .debug_frame   0x00000000000001d4      0x144 Libraries/libstm32f3.a(stm32f30x_gpio.o)
 .debug_frame   0x0000000000000318      0x2a8 Libraries/libstm32f3.a(stm32f30x_rcc.o)
 .debug_frame   0x00000000000005c0       0x2c /usr/bin/../lib/gcc/arm-none-eabi/5.3.1/../../../../arm-none-eabi/lib/armv7e-m/fpu/libg.a(lib_a-init.o)

.debug_str      0x0000000000000000     0x1624
 *(.debug_str)
 .debug_str     0x0000000000000000      0x93e objs/main.o
                                        0x9b1 (size before relaxing)
 .debug_str     0x000000000000093e       0x7a objs/stm32f30x_it.o
                                        0x246 (size before relaxing)
 .debug_str     0x00000000000009b8      0x4c8 objs/stm32f3_discovery.o
                                        0xb5c (size before relaxing)
 .debug_str     0x0000000000000e80      0x104 objs/system_stm32f30x.o
                                        0x36b (size before relaxing)
 .debug_str     0x0000000000000f84      0x276 Libraries/libstm32f3.a(stm32f30x_gpio.o)
                                        0x4fc (size before relaxing)
 .debug_str     0x00000000000011fa      0x42a Libraries/libstm32f3.a(stm32f30x_rcc.o)
                                        0x8eb (size before relaxing)

.debug_loc      0x0000000000000000     0x1359
 *(.debug_loc)
 .debug_loc     0x0000000000000000       0xd0 objs/main.o
 .debug_loc     0x00000000000000d0       0x84 objs/stm32f3_discovery.o
 .debug_loc     0x0000000000000154       0xad objs/system_stm32f30x.o
 .debug_loc     0x0000000000000201      0x3c5 Libraries/libstm32f3.a(stm32f30x_gpio.o)
 .debug_loc     0x00000000000005c6      0xd93 Libraries/libstm32f3.a(stm32f30x_rcc.o)

.debug_macinfo
 *(.debug_macinfo)

.debug_weaknames
 *(.debug_weaknames)

.debug_funcnames
 *(.debug_funcnames)

.debug_typenames
 *(.debug_typenames)

.debug_varnames
 *(.debug_varnames)
OUTPUT(main.elf elf32-littlearm)

.debug_ranges   0x0000000000000000      0x118
 .debug_ranges  0x0000000000000000       0x38 objs/main.o
 .debug_ranges  0x0000000000000038       0x38 objs/stm32f30x_it.o
 .debug_ranges  0x0000000000000070       0x38 objs/stm32f3_discovery.o
 .debug_ranges  0x00000000000000a8       0x30 objs/system_stm32f30x.o
 .debug_ranges  0x00000000000000d8       0x20 /tmp/cc2bUc5s.o
 .debug_ranges  0x00000000000000f8       0x20 Libraries/libstm32f3.a(stm32f30x_rcc.o)
